// Jest Snapshot v1, https://goo.gl/fbAQLP

exports[`<Wrapper/> should be able render Wrapper correctly 1`] = `
.c0 {
  width: max(36rem,100%);
  height: 100vh;
  margin: 0 auto;
  background: url('/img/bgPokbola.svg') no-repeat center;
  background-color: #FFFFFF;
  background-size: cover;
  display: -webkit-box;
  display: -webkit-flex;
  display: -ms-flexbox;
  display: flex;
  -webkit-flex: 1;
  -ms-flex: 1;
  flex: 1;
  -webkit-flex-direction: column;
  -ms-flex-direction: column;
  flex-direction: column;
  -webkit-align-items: center;
  -webkit-box-align: center;
  -ms-flex-align: center;
  align-items: center;
}

<div
  class="c0"
>
  <h1>
    Title
  </h1>
  <span>
    Content
  </span>
</div>
`;
