// Jest Snapshot v1, https://goo.gl/fbAQLP

exports[`<Button/> should be able render Button correctly 1`] = `
.c0 {
  width: 24.3rem;
  height: 4.8rem;
  padding: 0.4rem;
  display: -webkit-box;
  display: -webkit-flex;
  display: -ms-flexbox;
  display: flex;
  -webkit-box-pack: center;
  -webkit-justify-content: center;
  -ms-flex-pack: center;
  justify-content: center;
  -webkit-align-items: center;
  -webkit-box-align: center;
  -ms-flex-align: center;
  align-items: center;
  border-radius: 0.4rem;
  outline: none;
  border: none;
  font-size: 1.6rem;
  font-weight: 300;
  text-transform: uppercase;
  color: #FFFFFF;
  background: #003A70;
}

<button
  class="c0"
>
  <span>
    Buscar
  </span>
</button>
`;
