// Jest Snapshot v1, https://goo.gl/fbAQLP

exports[`Input should be able render Input correctly 1`] = `
.c0 {
  width: 100%;
  position: relative;
  padding: 0.2rem;
  height: 4.8rem;
  background: #FFFFFF;
  position: relative;
  border-radius: 0.4rem;
  border: 1px solid #DFDFDF;
  display: -webkit-box;
  display: -webkit-flex;
  display: -ms-flexbox;
  display: flex;
  -webkit-align-items: center;
  -webkit-box-align: center;
  -ms-flex-align: center;
  align-items: center;
  -webkit-box-pack: center;
  -webkit-justify-content: center;
  -ms-flex-pack: center;
  justify-content: center;
  -webkit-transition: 0.4s ease-out;
  transition: 0.4s ease-out;
}

.c0:focus-within {
  width: 34.8rem;
}

.c0:focus-within label {
  font-size: 1rem;
  top: 0;
  left: 4px;
  -webkit-transform: translateX(0);
  -ms-transform: translateX(0);
  transform: translateX(0);
}

.c0 button {
  width: auto;
  font-weight: 800;
  cursor: pointer;
  padding: 0.4rem;
  outline: none;
  background: none;
  border: none;
}

.c0 button svg {
  width: 2.4rem;
  height: 2.4rem;
  color: #DFDFDF;
}

.c0 input {
  width: 100%;
  height: 95%;
  outline: 0;
  border: none;
  background: none;
  padding: 0.4rem;
  font-size: 1.2rem;
  line-height: 1.6rem;
}

.c0 label {
  width: auto;
  position: absolute;
  top: 10px;
  left: 50%;
  -webkit-transform: translateX(-50%);
  -ms-transform: translateX(-50%);
  transform: translateX(-50%);
  font-size: 1.4rem;
  color: #DFDFDF;
  -webkit-transition: all 0.2s ease-in-out;
  transition: all 0.2s ease-in-out;
  pointer-events: none;
}

<form>
  <div
    class="c0"
  >
    <label
      for="email"
    >
      Usuario ou Email
    </label>
    <input
      name="email"
      type="text"
    />
  </div>
</form>
`;
